[RDS preflight host]
  SGDK real: OK (/home/misael/.cache/retrodevstudio/dd99a22faa05edc480ce06da3fe3651e7a79578a629959dcdbd8cd50ac011377/toolchains/sgdk via SGDK_ROOT)
  tauri-driver: OK (/home/misael/.cargo/bin/tauri-driver)
  WebDriver nativo: OK (/usr/sbin/WebKitWebDriver)
  Ready: SIM
== Starting tauri-driver ==
[rex-aplib-byor-effect] passo 1-3: abrir ROM, verificar, selecionar 0x2e12a
[rex-aplib-byor-effect] passo 4: no-op com fila vazia
[rex-aplib-byor-effect] passo 5a: sonda de recusa edit-row=8
[rex-aplib-byor-effect] passo 5a: sonda de recusa paint-index=16
[rex-aplib-byor-effect] passo 5a: sonda de recusa paint-index=-1
[rex-aplib-byor-effect] passo 5a: sonda de recusa paint-index=1.5
[rex-aplib-byor-effect] passo 5a: sonda de recusa paint-index=""
[rex-aplib-byor-effect] passo 5b: regressão do índice 0 digitado na barra
[rex-aplib-byor-effect] passo 6a: índice 1 no pixel do pin
[rex-aplib-byor-effect] passo 6a: índice 2 no pixel do pin
[rex-aplib-byor-effect] passo 6a: índice 3 no pixel do pin
[rex-aplib-byor-effect] passo 6a: índice 4 no pixel do pin
[rex-aplib-byor-effect] passo 6a: índice 6 no pixel do pin
[rex-aplib-byor-effect] passo 6a: índice 7 no pixel do pin
[rex-aplib-byor-effect] passo 6a: índice 8 no pixel do pin
[rex-aplib-byor-effect] passo 6a: índice 9 no pixel do pin
[rex-aplib-byor-effect] passo 6a: índice 10 no pixel do pin
[rex-aplib-byor-effect] passo 6a: índice 11 no pixel do pin
[rex-aplib-byor-effect] passo 6a: índice 12 no pixel do pin
[rex-aplib-byor-effect] passo 6a: índice 13 no pixel do pin
[rex-aplib-byor-effect] passo 6a: índice 14 no pixel do pin
[rex-aplib-byor-effect] passo 6a: índice 15 no pixel do pin
[rex-aplib-byor-effect] passo 7: bytes da cópia no disco
[rex-aplib-byor-effect] relatório=/home/misael/Projects/RetroDevStudio-CANONICAL-2026-09-21/src-tauri/target-test/validation/rex-aplib-byor-effect-2026-09-27T10-45-38-101Z-report.json
[rex-aplib-byor-effect] {"romSha":"558bea6c80c76ec3da23afd584d4b56ece7722847ab1efc8c2f23f43f8529be9","recurso":"0x2e12a","alvo_aplicado":"53,7,5->4","recusas":14,"bytes_diferentes":800,"copia":"80249128d1e6ec871aad993e7cc3fdbbeed7e8c5b191f8b72a159db6fa2c7dce","patch":"58ae4f0b5eb81ebb88579741738a473f144369dfeb1723aad9c8bb0c731331b0","preservados":163,"guarda_aviso":"linha 8 fora do tile: use um valor inteiro de 0 a 7. A fila ","recusas_painel":5,"indice_0_no_campo":"0","indice_0_sonda":"aplicado","indice_0_copia":"69389ec2b400220c","indice_1_a_15_todos_recusados":true}
