[RDS preflight host]
  SGDK real: OK (/home/misael/.cache/retrodevstudio/dd99a22faa05edc480ce06da3fe3651e7a79578a629959dcdbd8cd50ac011377/toolchains/sgdk via SGDK_ROOT)
  tauri-driver: OK (/home/misael/.cargo/bin/tauri-driver)
  WebDriver nativo: OK (/usr/sbin/WebKitWebDriver)
  Ready: SIM
== Building debug Tauri app ==

> retrodev-studio@0.1.0 build:debug
> node scripts/build.mjs debug

RetroDev Studio - Script Unificado de Compilacao
Modo: debug
Target dir canonico: /home/misael/Projects/RetroDevStudio-CANONICAL-2026-09-21/src-tauri/target-test
Target dir dev bruto: /home/misael/.cache/retrodevstudio/dd99a22faa05edc480ce06da3fe3651e7a79578a629959dcdbd8cd50ac011377/cargo-target
Target dir validation: /home/misael/Projects/RetroDevStudio-CANONICAL-2026-09-21/src-tauri/target-test/validation

[Prep] Mantendo artefatos anteriores e validando atualizacao por timestamp.


[Build] Compilando Tauri (modo: debug)...

[Build] Cargo target efetivo: /home/misael/.cache/retrodevstudio/dd99a22faa05edc480ce06da3fe3651e7a79578a629959dcdbd8cd50ac011377/cargo-target

> retrodev-studio@0.1.0 tauri
> tauri build --debug --no-bundle

        Info Looking up installed tauri packages to check mismatched versions...
     Running beforeBuildCommand `npm run build`

> retrodev-studio@0.1.0 build
> tsc -b && vite build

vite v6.4.3 building for production...
transforming...
✓ 127 modules transformed.
rendering chunks...
computing gzip size...
dist/index.html                                0.40 kB │ gzip:   0.27 kB
dist/assets/index-CsDEyHM5.css               128.97 kB │ gzip:  18.31 kB
dist/assets/projectCapability-Bg1a-pW9.js      0.99 kB │ gzip:   0.47 kB │ map:    12.17 kB
dist/assets/ppmImage-BpQsGM6R.js               5.66 kB │ gzip:   1.58 kB │ map:    10.99 kB
dist/assets/AssetPreview-BR2W8JQo.js           6.65 kB │ gzip:   1.73 kB │ map:    11.60 kB
dist/assets/nodeDefinitions-ipRGuZeJ.js       19.56 kB │ gzip:   3.83 kB │ map:    42.72 kB
dist/assets/ContextualPalette-DYfqsXug.js     26.40 kB │ gzip:   6.44 kB │ map:    42.67 kB
dist/assets/ExplorerWorkspace-BlR0By4L.js     31.49 kB │ gzip:   5.97 kB │ map:    46.65 kB
dist/assets/RetroFXDesigner-2P9BRcUj.js       49.47 kB │ gzip:   9.06 kB │ map:    68.56 kB
dist/assets/behaviorLibrary-DgNnfnmx.js       66.16 kB │ gzip:  15.96 kB │ map:   133.26 kB
dist/assets/InspectorPanel-CLgB8cUr.js       118.89 kB │ gzip:  21.67 kB │ map:   174.74 kB
dist/assets/ReverseWorkspace-D4ywCeYs.js     150.36 kB │ gzip:  25.81 kB │ map:   205.06 kB
dist/assets/ArtStudioPanel-BuxHtMvL.js       182.37 kB │ gzip:  33.88 kB │ map:   271.52 kB
dist/assets/ToolsPanel-DvDdkQQ2.js           194.92 kB │ gzip:  34.13 kB │ map:   274.03 kB
dist/assets/ViewportPanel-CEjxtfrD.js        226.33 kB │ gzip:  42.29 kB │ map:   343.81 kB
dist/assets/NodeGraphEditor-1xXW6CFH.js      312.59 kB │ gzip:  66.94 kB │ map:   483.70 kB
dist/assets/index-CWSTNy9v.js              1,072.75 kB │ gzip: 204.69 kB │ map: 1,773.69 kB
✓ built in 5.49s
   Compiling retro-dev-studio v0.1.0 (/home/misael/Projects/RetroDevStudio-CANONICAL-2026-09-21/src-tauri)
    Finished `dev` profile [unoptimized + debuginfo] target(s) in 24.81s
       Built application at: /home/misael/.cache/retrodevstudio/dd99a22faa05edc480ce06da3fe3651e7a79578a629959dcdbd8cd50ac011377/cargo-target/debug/retro-dev-studio

============================================================
  Artefatos gerados:
============================================================
  EXE Debug: /home/misael/Projects/RetroDevStudio-CANONICAL-2026-09-21/src-tauri/target-test/debug/retro-dev-studio [OK]
  Dev work target: /home/misael/.cache/retrodevstudio/dd99a22faa05edc480ce06da3fe3651e7a79578a629959dcdbd8cd50ac011377/cargo-target
  Validation dir: /home/misael/Projects/RetroDevStudio-CANONICAL-2026-09-21/src-tauri/target-test/validation
  Build report: /home/misael/Projects/RetroDevStudio-CANONICAL-2026-09-21/src-tauri/target-test/validation/build-report.json
============================================================

[Hint] Use --open-dir para abrir a pasta do binario ao final do build.
== Starting tauri-driver ==
Error serving connection: hyper::Error(User(Service), client error (Connect)

Caused by:
    0: tcp connect error
    1: Connection refused (os error 111))
[rex-aplib-byor-effect] passo 1-3: abrir ROM, verificar, selecionar 0x2e12a
[rex-aplib-byor-effect] passo 4: no-op com fila vazia
[rex-aplib-byor-effect] passo 5a: sonda de recusa edit-row=8
[rex-aplib-byor-effect] passo 5a: sonda de recusa paint-index=16
[rex-aplib-byor-effect] passo 5a: sonda de recusa paint-index=-1
[rex-aplib-byor-effect] passo 5a: sonda de recusa paint-index=1.5
[rex-aplib-byor-effect] passo 5a: sonda de recusa paint-index=""
[rex-aplib-byor-effect] passo 5b: regressão do índice 0 digitado na barra
[rex-aplib-byor-effect] passo 6a: índice 1 no pixel do pin
[rex-aplib-byor-effect] passo 6a: índice 2 no pixel do pin
[rex-aplib-byor-effect] passo 6a: índice 3 no pixel do pin
[rex-aplib-byor-effect] passo 6a: índice 4 no pixel do pin
[rex-aplib-byor-effect] passo 6a: índice 6 no pixel do pin
[rex-aplib-byor-effect] passo 6a: índice 7 no pixel do pin
[rex-aplib-byor-effect] passo 6a: índice 8 no pixel do pin
[rex-aplib-byor-effect] passo 6a: índice 9 no pixel do pin
[rex-aplib-byor-effect] passo 6a: índice 10 no pixel do pin
[rex-aplib-byor-effect] passo 6a: índice 11 no pixel do pin
[rex-aplib-byor-effect] passo 6a: índice 12 no pixel do pin
[rex-aplib-byor-effect] passo 6a: índice 13 no pixel do pin
[rex-aplib-byor-effect] passo 6a: índice 14 no pixel do pin
[rex-aplib-byor-effect] passo 6a: índice 15 no pixel do pin
ERRO: a transação não devolveu desfecho para alvo medido (53,7,5) → 4. DOM: {"notice":null,"error":null,"resultado":null,"fila":"1 edição(ões) pendente(s)","indice":"4","tile":"53","linha":"7","coluna":"5"} [timeout: condicao nao foi satisfeita em 60231ms (orcamento 60000ms); isto e esgotamento de tempo, nao um defeito confirmado]
E2E_RC=1
