[RDS preflight host]
  SGDK real: OK (/home/misael/.cache/retrodevstudio/dd99a22faa05edc480ce06da3fe3651e7a79578a629959dcdbd8cd50ac011377/toolchains/sgdk via SGDK_ROOT)
  tauri-driver: OK (/home/misael/.cargo/bin/tauri-driver)
  WebDriver nativo: OK (/usr/sbin/WebKitWebDriver)
  Ready: SIM
== Building debug Tauri app ==

> retrodev-studio@0.1.0 build:debug
> node scripts/build.mjs debug

RetroDev Studio - Script Unificado de Compilacao
Modo: debug
Target dir canonico: /home/misael/Projects/REX-MUGEN-SGDK-2026-09-28/src-tauri/target-test
Target dir dev bruto: /home/misael/.cache/retrodevstudio/dd99a22faa05edc480ce06da3fe3651e7a79578a629959dcdbd8cd50ac011377/cargo-target
Target dir validation: /home/misael/Projects/REX-MUGEN-SGDK-2026-09-28/src-tauri/target-test/validation

[Prep] Mantendo artefatos anteriores e validando atualizacao por timestamp.


[Build] Compilando Tauri (modo: debug)...

[Build] Cargo target efetivo: /home/misael/.cache/retrodevstudio/dd99a22faa05edc480ce06da3fe3651e7a79578a629959dcdbd8cd50ac011377/cargo-target

> retrodev-studio@0.1.0 tauri
> tauri build --debug --no-bundle

        Info Looking up installed tauri packages to check mismatched versions...
     Running beforeBuildCommand `npm run build`

> retrodev-studio@0.1.0 build
> tsc -b && vite build

vite v6.4.3 building for production...
transforming...
✓ 132 modules transformed.
rendering chunks...
computing gzip size...
dist/index.html                                0.40 kB │ gzip:   0.27 kB
dist/assets/index-cM3ac01N.css               107.89 kB │ gzip:  16.45 kB
dist/assets/projectCapability-Bg1a-pW9.js      0.99 kB │ gzip:   0.47 kB │ map:    12.17 kB
dist/assets/ppmImage-DIohM7MA.js               5.66 kB │ gzip:   1.58 kB │ map:    10.99 kB
dist/assets/AssetPreview-c_8hizsR.js           6.65 kB │ gzip:   1.72 kB │ map:    11.60 kB
dist/assets/nodeDefinitions-ipRGuZeJ.js       19.56 kB │ gzip:   3.83 kB │ map:    42.72 kB
dist/assets/ContextualPalette-CmJxUfJW.js     26.40 kB │ gzip:   6.44 kB │ map:    42.67 kB
dist/assets/ExplorerWorkspace-4gcuQV-T.js     31.49 kB │ gzip:   5.97 kB │ map:    46.65 kB
dist/assets/RetroFXDesigner-Dw-s-C54.js       49.47 kB │ gzip:   9.06 kB │ map:    68.56 kB
dist/assets/behaviorLibrary-DgNnfnmx.js       66.16 kB │ gzip:  15.96 kB │ map:   133.26 kB
dist/assets/InspectorPanel-BQQfw6Tx.js       118.89 kB │ gzip:  21.67 kB │ map:   174.74 kB
dist/assets/ReverseWorkspace-8FQ4COCt.js     171.24 kB │ gzip:  29.71 kB │ map:   239.39 kB
dist/assets/ArtStudioPanel-CXiqryKW.js       182.33 kB │ gzip:  33.86 kB │ map:   271.52 kB
dist/assets/ToolsPanel-CdX04JXC.js           194.92 kB │ gzip:  34.13 kB │ map:   274.03 kB
dist/assets/ViewportPanel-C5wmvLPo.js        226.33 kB │ gzip:  42.29 kB │ map:   343.81 kB
dist/assets/NodeGraphEditor-hdaS1Y_X.js      312.59 kB │ gzip:  66.94 kB │ map:   483.70 kB
dist/assets/index-S0JydB9a.js              1,098.19 kB │ gzip: 211.17 kB │ map: 1,817.15 kB
✓ built in 5.09s
   Compiling retro-dev-studio v0.1.0 (/home/misael/Projects/REX-MUGEN-SGDK-2026-09-28/src-tauri)
    Finished `dev` profile [unoptimized + debuginfo] target(s) in 32.96s
       Built application at: /home/misael/.cache/retrodevstudio/dd99a22faa05edc480ce06da3fe3651e7a79578a629959dcdbd8cd50ac011377/cargo-target/debug/retro-dev-studio

============================================================
  Artefatos gerados:
============================================================
  EXE Debug: /home/misael/Projects/REX-MUGEN-SGDK-2026-09-28/src-tauri/target-test/debug/retro-dev-studio [OK]
  Dev work target: /home/misael/.cache/retrodevstudio/dd99a22faa05edc480ce06da3fe3651e7a79578a629959dcdbd8cd50ac011377/cargo-target
  Validation dir: /home/misael/Projects/REX-MUGEN-SGDK-2026-09-28/src-tauri/target-test/validation
  Build report: /home/misael/Projects/REX-MUGEN-SGDK-2026-09-28/src-tauri/target-test/validation/build-report.json
============================================================

[Hint] Use --open-dir para abrir a pasta do binario ao final do build.
== Starting tauri-driver ==
OK: Desktop Tauri mugen-import E2E passou. Relatorio: /home/misael/Projects/REX-MUGEN-SGDK-2026-09-28/src-tauri/target-test/validation/mugen-import-2026-09-28T23-46-10-858Z-report.json
