[RDS preflight host]
  SGDK real: OK (/home/misael/.cache/retrodevstudio/dd99a22faa05edc480ce06da3fe3651e7a79578a629959dcdbd8cd50ac011377/toolchains/sgdk via SGDK_ROOT)
  tauri-driver: OK (/home/misael/.cargo/bin/tauri-driver)
  WebDriver nativo: OK (/usr/sbin/WebKitWebDriver)
  Ready: SIM
== Starting tauri-driver ==
Error serving connection: hyper::Error(User(Service), client error (Connect)

Caused by:
    0: tcp connect error
    1: Connection refused (os error 111))
[rex-fixture-e2e] 1: terra firme do fonte conferida (plantio em 16/16 tiles, byte 23 pinado) -> {"romSha":"159298eb1c9a437a6abc83c80becfe38c52d469d6284aeab4dc9dc06e9b2b9b5","truthPath":"/home/misael/Projects/RetroDevStudio-CANONICAL-2026-09-21/src-tauri/target-test/validation/rex-lz4w-fixture/project/ground_truth.json","edit":{"tile":0,"row":5,"col":7,"fromIndex":0,"toIndex":15},"expectedOriginalPixelsSha":"19cc30aefe4da564b8d5c066f1707212ed772925ad19f6b0814899a6c06142f3","expectedEditedPixelsSha":"917048cc35508e9a67f9ddf1dd10cf3d352b01d03a9ebce8d6d6b84778ec1af1"}
[rex-fixture-e2e] 2: descoberta + decode pela UI: recurso único, slot conferido pelo header, prévia == fonte recomposto -> {"resourceOptions":[{"label":"0x5f988 — 16 tiles (stream 444 B)","value":"5f988"}],"headerOffset":95464,"streamOffset":"5f988","slotBytes":444,"pixelsSha":"19cc30aefe4da564"}
[rex-fixture-e2e] 3: no-op com zero edições reportado pela transação canônica -> {"result":"desfecho: nooprecursos LZ4W estruturalmente verificados nesta ROM: 1/5 candidatos; preservação garantida apenas para est"}
[rex-fixture-e2e] 4: edição aplicada pela transação; escrita confinada ao slot; bytes comerciais intocados fora dele -> {"modifiedPath":"/home/misael/.retrodev/decomp_work/extract/159298eb1c9a437a6abc83c80becfe38c52d469d6284aeab4dc9dc06e9b2b9b5/edits/rex-lz4w-modified-07905193e758c478190d9488f81f63eacfa57f6f5af0ed34f43c6e0605ddcad6.bin","modifiedSha":"07905193e758c478190d9488f81f63eacfa57f6f5af0ed34f43c6e0605ddcad6","patchSha":"c3bc1e942efc3ab47b9b0da4dc27be6d3b28c03c6533e9753ba7dce8e61dd34b","patchBytes":62,"streamSlot":{"start":391560,"size":444},"bytesDiferentes":264,"faixaAlterada":["5f9a1","5fb3b"],"diferenteForaDoSlot":0}
[rex-fixture-e2e] 5: patch BPS re-aplicado à base reproduz a cópia modificada (hash exato) -> {"appliedSha":"07905193e758c478190d9488f81f63eacfa57f6f5af0ed34f43c6e0605ddcad6","patchSha":"c3bc1e942efc3ab47b9b0da4dc27be6d3b28c03c6533e9753ba7dce8e61dd34b"}
[rex-fixture-e2e] 6: cópia reaberta no produto decodifica exatamente no plain editado (prévia conferida por hash) -> {"editedPixelsSha":"917048cc35508e9a","esperado":"917048cc35508e9a"}
[rex-fixture-e2e] 7: prova de memória: 1 byte no WRAM (plain descompactado) exatamente onde o fonte do fixture diz; VRAM não legível no core, então a perna de VRAM fica NÃO PROVADA (registrada como limitação, não como sucesso) -> {"frames":120,"core":{"label":"Genesis Plus GX v1.7.4 46a5521","path":"/home/misael/.cache/retrodevstudio/dd99a22faa05edc480ce06da3fe3651e7a79578a629959dcdbd8cd50ac011377/toolchains/libretro/cores/genesis_plus_gx_libretro.so"},"wram":{"available":true,"offset":"0x5e","before":"f0","after":"ff"},"vram":{"observed":false,"reason":"o core Genesis Plus GX v1.7.4 46a5521 não expõe a região VIDEO_RAM (total_size=0/0); a cadeia causal fica provada por WRAM + framebuffer","available":false},"regiões":{"wram":{"total":65536,"lidos":65536},"vram":{"total":0,"lidos":0}},"controle":{"wram":0,"vram":null,"framebuffer":0}}
[rex-fixture-e2e] framebuffer 320x224; pixels de tela diferentes: [1,1] → [[7,5,2170913,9175180]]; dumps em /home/misael/Projects/RetroDevStudio-CANONICAL-2026-09-21/src-tauri/target-test/validation/rex-fixture-frame-*.ppm
[rex-fixture-e2e] 8: EFEITO VISUAL CAUSAL PELA INTERFACE: exatamente 1 pixel de tela muda, no coordenada prevista pelo fonte, com a cor da classe de índice certa -> {"framebuffer":"320x224","origemDoBloco":[0,0],"pixelPrevisto":[7,5],"diferencaPorFrame":[1,1],"antes":"0x212021","depois":"0x8c008c","classesDeCor":11,"indicesComMesmaCor":[0,1,2,3,4,6,7,8,9,10],"indiceAntes":0,"indiceDepois":15}
[rex-fixture-e2e] 9: canvas do app == framebuffer do core (mesmo frame congelado) na ROM modificada -> {"canvas":"320x224","core":"320x224","presented":true}
[rex-fixture-e2e] 10: negativo de intervalo pela interface: fila vazia E aviso explicando o descarte -> {"editCount":"nenhuma edição pendente","notice":"tile 16 fora do recurso: são 16 tile(s), numerados de 0 a 15. A fila atual foi preservada."}
[rex-fixture-e2e] 10: negativos pela UI: fila de intervalo guardada (0 entradas, 0 escritas; controle positivo enfileira 1) e identidade de ROM recusada (arquivo alterado sob o painel) -> {"bounds":{"guardedCount":"nenhuma edição pendente","boundsOutcome":"desfecho: nooprecursos LZ4W estruturalmente verificados nesta ROM: 1/5 candidatos; preservação garantida apenas para este conjunto, não para o jogo inteiro","boundsError":"","controlePositivo":"tile válido enfileira 1 edição; tile fora do recurso enfileira 0","recusaDoNucleo":"rex_resources.rs:634 ('tile N fora do recurso') — teste unitário do produto"},"identityError":"rom_identity_mismatch: ROM base mudou: esperado 159298eb1c9a437a6abc83c80becfe38c52d469d6284aeab4dc9dc06e9b2b9b5, atual 4e700a4d07993bc455dd43cd7a25a47ec744405ad81d4634b0a4f47a8271f81d","fixtureRomIntact":true,"excessiveOutput":"coberto no teste de aceite do produto com varredura exaustiva de 15.360 candidatos de 1 pixel (README do fixture)","dependentModified":"não alcançável aqui: o fixture tem 1 recurso LZ4W; coberto no BYOR (0x91a00 dependente de 0x8ff8e)"}
[rex-lz4w-fixture-effect] relatório=/home/misael/Projects/RetroDevStudio-CANONICAL-2026-09-21/src-tauri/target-test/validation/rex-lz4w-fixture-effect-2026-09-26T18-52-13-882Z-report.json
[rex-lz4w-fixture-effect] {"romSha":"159298eb1c9a437a6abc83c80becfe38c52d469d6284aeab4dc9dc06e9b2b9b5","modifiedSha":"07905193e758c478190d9488f81f63eacfa57f6f5af0ed34f43c6e0605ddcad6","patchSha":"c3bc1e942efc3ab47b9b0da4dc27be6d3b28c03c6533e9753ba7dce8e61dd34b","pixelDeTela":[7,5],"pixelsDiferentes":1,"wramDiffs":1,"vramProva":{"observed":false,"reason":"o core Genesis Plus GX v1.7.4 46a5521 não expõe a região VIDEO_RAM (total_size=0/0); a cadeia causal fica provada por WRAM + framebuffer"},"semanticState":"VERIFIED (fixture autoral; consumidor por construção)"}
OK: Desktop Tauri rex-lz4w-fixture-effect passou — efeito causal de 1 pixel provado pela interface e pelo core (WRAM + tela). o core Genesis Plus GX v1.7.4 46a5521 não expõe a região VIDEO_RAM (total_size=0/0); a cadeia causal fica provada por WRAM + framebuffer
E2E_RC=0
