[RDS preflight host]
  SGDK real: OK (/home/misael/.cache/retrodevstudio/dd99a22faa05edc480ce06da3fe3651e7a79578a629959dcdbd8cd50ac011377/toolchains/sgdk via SGDK_ROOT)
  tauri-driver: OK (/home/misael/.cargo/bin/tauri-driver)
  WebDriver nativo: OK (/usr/sbin/WebKitWebDriver)
  Ready: SIM
== Building debug Tauri app ==

> retrodev-studio@0.1.0 build:debug
> node scripts/build.mjs debug

RetroDev Studio - Script Unificado de Compilacao
Modo: debug
Target dir canonico: /home/misael/Projects/RetroDevStudio-CANONICAL-2026-09-21/src-tauri/target-test
Target dir dev bruto: /home/misael/.cache/retrodevstudio/dd99a22faa05edc480ce06da3fe3651e7a79578a629959dcdbd8cd50ac011377/cargo-target
Target dir validation: /home/misael/Projects/RetroDevStudio-CANONICAL-2026-09-21/src-tauri/target-test/validation

[Prep] Mantendo artefatos anteriores e validando atualizacao por timestamp.


[Build] Compilando Tauri (modo: debug)...

[Build] Cargo target efetivo: /home/misael/.cache/retrodevstudio/dd99a22faa05edc480ce06da3fe3651e7a79578a629959dcdbd8cd50ac011377/cargo-target

> retrodev-studio@0.1.0 tauri
> tauri build --debug --no-bundle

        Info Looking up installed tauri packages to check mismatched versions...
     Running beforeBuildCommand `npm run build`

> retrodev-studio@0.1.0 build
> tsc -b && vite build

vite v6.4.3 building for production...
transforming...
✓ 129 modules transformed.
rendering chunks...
computing gzip size...
dist/index.html                                0.40 kB │ gzip:   0.27 kB
dist/assets/index-CsDEyHM5.css               128.97 kB │ gzip:  18.31 kB
dist/assets/projectCapability-Bg1a-pW9.js      0.99 kB │ gzip:   0.47 kB │ map:    12.17 kB
dist/assets/ppmImage-BDeP-CYg.js               5.66 kB │ gzip:   1.58 kB │ map:    10.99 kB
dist/assets/AssetPreview-Sf7E47ST.js           6.65 kB │ gzip:   1.73 kB │ map:    11.60 kB
dist/assets/nodeDefinitions-ipRGuZeJ.js       19.56 kB │ gzip:   3.83 kB │ map:    42.72 kB
dist/assets/ContextualPalette-DoKtB8dz.js     26.40 kB │ gzip:   6.44 kB │ map:    42.67 kB
dist/assets/ExplorerWorkspace-CaAsogbb.js     31.49 kB │ gzip:   5.97 kB │ map:    46.65 kB
dist/assets/RetroFXDesigner-BcMYzAFn.js       49.47 kB │ gzip:   9.06 kB │ map:    68.56 kB
dist/assets/behaviorLibrary-DgNnfnmx.js       66.16 kB │ gzip:  15.96 kB │ map:   133.26 kB
dist/assets/InspectorPanel-DVPAIjSs.js       118.89 kB │ gzip:  21.66 kB │ map:   174.74 kB
dist/assets/ReverseWorkspace-g6pzZq95.js     171.24 kB │ gzip:  29.71 kB │ map:   239.39 kB
dist/assets/ArtStudioPanel-BSkyhYqy.js       182.37 kB │ gzip:  33.88 kB │ map:   271.52 kB
dist/assets/ToolsPanel-ZCxc1hxt.js           194.92 kB │ gzip:  34.14 kB │ map:   274.03 kB
dist/assets/ViewportPanel-BWF6PSfK.js        226.33 kB │ gzip:  42.29 kB │ map:   343.81 kB
dist/assets/NodeGraphEditor-CKP2Ug1_.js      312.59 kB │ gzip:  66.94 kB │ map:   483.70 kB
dist/assets/index-gq1MfN16.js              1,073.06 kB │ gzip: 204.74 kB │ map: 1,777.79 kB
✓ built in 5.15s
   Compiling retro-dev-studio v0.1.0 (/home/misael/Projects/RetroDevStudio-CANONICAL-2026-09-21/src-tauri)
    Finished `dev` profile [unoptimized + debuginfo] target(s) in 18.60s
       Built application at: /home/misael/.cache/retrodevstudio/dd99a22faa05edc480ce06da3fe3651e7a79578a629959dcdbd8cd50ac011377/cargo-target/debug/retro-dev-studio

============================================================
  Artefatos gerados:
============================================================
  EXE Debug: /home/misael/Projects/RetroDevStudio-CANONICAL-2026-09-21/src-tauri/target-test/debug/retro-dev-studio [OK]
  Dev work target: /home/misael/.cache/retrodevstudio/dd99a22faa05edc480ce06da3fe3651e7a79578a629959dcdbd8cd50ac011377/cargo-target
  Validation dir: /home/misael/Projects/RetroDevStudio-CANONICAL-2026-09-21/src-tauri/target-test/validation
  Build report: /home/misael/Projects/RetroDevStudio-CANONICAL-2026-09-21/src-tauri/target-test/validation/build-report.json
============================================================

[Hint] Use --open-dir para abrir a pasta do binario ao final do build.
== Starting tauri-driver ==
Error serving connection: hyper::Error(User(Service), client error (Connect)

Caused by:
    0: tcp connect error
    1: Connection refused (os error 111))
[rex-aplib-byor-effect] passo 1-3: abrir ROM, verificar, selecionar 0x2e12a
[rex-aplib-byor-effect] passo 4: no-op com fila vazia
[rex-aplib-byor-effect] passo 5a: sonda de recusa edit-row=8
[rex-aplib-byor-effect] passo 5a: sonda de recusa paint-index=16
[rex-aplib-byor-effect] passo 5a: sonda de recusa paint-index=-1
[rex-aplib-byor-effect] passo 5a: sonda de recusa paint-index=1.5
[rex-aplib-byor-effect] passo 5a: sonda de recusa paint-index=""
[rex-aplib-byor-effect] passo 5b: regressão do índice 0 digitado na barra
[rex-aplib-byor-effect] passo 6a: índice 1 no pixel do pin
[rex-aplib-byor-effect] passo 6a: índice 2 no pixel do pin
[rex-aplib-byor-effect] passo 6a: índice 3 no pixel do pin
[rex-aplib-byor-effect] passo 6a: índice 4 no pixel do pin
[rex-aplib-byor-effect] passo 6a: índice 6 no pixel do pin
[rex-aplib-byor-effect] passo 6a: índice 7 no pixel do pin
[rex-aplib-byor-effect] passo 6a: índice 8 no pixel do pin
[rex-aplib-byor-effect] passo 6a: índice 9 no pixel do pin
[rex-aplib-byor-effect] passo 6a: índice 10 no pixel do pin
[rex-aplib-byor-effect] passo 6a: índice 11 no pixel do pin
[rex-aplib-byor-effect] passo 6a: índice 12 no pixel do pin
[rex-aplib-byor-effect] passo 6a: índice 13 no pixel do pin
[rex-aplib-byor-effect] passo 6a: índice 14 no pixel do pin
[rex-aplib-byor-effect] passo 6a: índice 15 no pixel do pin
[rex-aplib-byor-effect] passo 7: bytes da cópia no disco
[rex-aplib-byor-effect] relatório=/home/misael/Projects/RetroDevStudio-CANONICAL-2026-09-21/src-tauri/target-test/validation/rex-aplib-byor-effect-2026-09-27T21-59-18-784Z-report.json
[rex-aplib-byor-effect] {"romSha":"558bea6c80c76ec3da23afd584d4b56ece7722847ab1efc8c2f23f43f8529be9","recurso":"0x2e12a","alvo_aplicado":"53,7,5->4","recusas":14,"bytes_diferentes":800,"copia":"80249128d1e6ec871aad993e7cc3fdbbeed7e8c5b191f8b72a159db6fa2c7dce","patch":"58ae4f0b5eb81ebb88579741738a473f144369dfeb1723aad9c8bb0c731331b0","preservados":163,"guarda_aviso":"linha 8 fora do tile: use um valor inteiro de 0 a 7. A fila ","recusas_painel":5,"indice_0_no_campo":"0","indice_0_sonda":"aplicado","indice_0_copia":"69389ec2b400220c","indice_1_a_15_todos_recusados":true,"aplicacoes_ms":[7274,278,316,282,276,316,313,294,278,280,351,314,276,361,275,6526]}
