[RDS preflight host]
  SGDK real: OK (/home/misael/.cache/retrodevstudio/dd99a22faa05edc480ce06da3fe3651e7a79578a629959dcdbd8cd50ac011377/toolchains/sgdk via SGDK_ROOT)
  tauri-driver: OK (/home/misael/.cargo/bin/tauri-driver)
  WebDriver nativo: OK (/usr/sbin/WebKitWebDriver)
  Ready: SIM
== Building debug Tauri app ==

> retrodev-studio@0.1.0 build:debug
> node scripts/build.mjs debug

RetroDev Studio - Script Unificado de Compilacao
Modo: debug
Target dir canonico: /home/misael/Projects/RetroDevStudio-CANONICAL-2026-09-21/src-tauri/target-test
Target dir dev bruto: /home/misael/.cache/retrodevstudio/dd99a22faa05edc480ce06da3fe3651e7a79578a629959dcdbd8cd50ac011377/cargo-target
Target dir validation: /home/misael/Projects/RetroDevStudio-CANONICAL-2026-09-21/src-tauri/target-test/validation

[Prep] Mantendo artefatos anteriores e validando atualizacao por timestamp.


[Build] Compilando Tauri (modo: debug)...

[Build] Cargo target efetivo: /home/misael/.cache/retrodevstudio/dd99a22faa05edc480ce06da3fe3651e7a79578a629959dcdbd8cd50ac011377/cargo-target

> retrodev-studio@0.1.0 tauri
> tauri build --debug --no-bundle

        Info Looking up installed tauri packages to check mismatched versions...
     Running beforeBuildCommand `npm run build`

> retrodev-studio@0.1.0 build
> tsc -b && vite build

vite v6.4.3 building for production...
transforming...
✓ 129 modules transformed.
rendering chunks...
computing gzip size...
dist/index.html                                0.40 kB │ gzip:   0.27 kB
dist/assets/index-CsDEyHM5.css               128.97 kB │ gzip:  18.31 kB
dist/assets/projectCapability-Bg1a-pW9.js      0.99 kB │ gzip:   0.47 kB │ map:    12.17 kB
dist/assets/ppmImage-C0380O_-.js               5.66 kB │ gzip:   1.58 kB │ map:    10.99 kB
dist/assets/AssetPreview-DUCPQUmf.js           6.65 kB │ gzip:   1.72 kB │ map:    11.60 kB
dist/assets/nodeDefinitions-ipRGuZeJ.js       19.56 kB │ gzip:   3.83 kB │ map:    42.72 kB
dist/assets/ContextualPalette-Dq_hv14x.js     26.40 kB │ gzip:   6.44 kB │ map:    42.67 kB
dist/assets/ExplorerWorkspace-DXt4HvJv.js     31.49 kB │ gzip:   5.97 kB │ map:    46.65 kB
dist/assets/RetroFXDesigner-BnbBCj4W.js       49.47 kB │ gzip:   9.06 kB │ map:    68.56 kB
dist/assets/behaviorLibrary-DgNnfnmx.js       66.16 kB │ gzip:  15.96 kB │ map:   133.26 kB
dist/assets/InspectorPanel-CYtiRvAl.js       118.89 kB │ gzip:  21.66 kB │ map:   174.74 kB
dist/assets/ReverseWorkspace-DHn-g-T7.js     170.89 kB │ gzip:  29.65 kB │ map:   239.14 kB
dist/assets/ArtStudioPanel-Bj5BJ5E6.js       182.37 kB │ gzip:  33.88 kB │ map:   271.52 kB
dist/assets/ToolsPanel-54uZyLBf.js           194.92 kB │ gzip:  34.13 kB │ map:   274.03 kB
dist/assets/ViewportPanel-CtBWG6sI.js        226.33 kB │ gzip:  42.29 kB │ map:   343.81 kB
dist/assets/NodeGraphEditor-BO1iELl3.js      312.59 kB │ gzip:  66.94 kB │ map:   483.70 kB
dist/assets/index-CRncmwSf.js              1,073.06 kB │ gzip: 204.75 kB │ map: 1,777.79 kB
✓ built in 5.19s
   Compiling retro-dev-studio v0.1.0 (/home/misael/Projects/RetroDevStudio-CANONICAL-2026-09-21/src-tauri)
    Finished `dev` profile [unoptimized + debuginfo] target(s) in 20.02s
       Built application at: /home/misael/.cache/retrodevstudio/dd99a22faa05edc480ce06da3fe3651e7a79578a629959dcdbd8cd50ac011377/cargo-target/debug/retro-dev-studio

============================================================
  Artefatos gerados:
============================================================
  EXE Debug: /home/misael/Projects/RetroDevStudio-CANONICAL-2026-09-21/src-tauri/target-test/debug/retro-dev-studio [OK]
  Dev work target: /home/misael/.cache/retrodevstudio/dd99a22faa05edc480ce06da3fe3651e7a79578a629959dcdbd8cd50ac011377/cargo-target
  Validation dir: /home/misael/Projects/RetroDevStudio-CANONICAL-2026-09-21/src-tauri/target-test/validation
  Build report: /home/misael/Projects/RetroDevStudio-CANONICAL-2026-09-21/src-tauri/target-test/validation/build-report.json
============================================================

[Hint] Use --open-dir para abrir a pasta do binario ao final do build.
== Starting tauri-driver ==
Error serving connection: hyper::Error(User(Service), client error (Connect)

Caused by:
    0: tcp connect error
    1: Connection refused (os error 111))
[rex-context-e2e] 0: receitas autorais lidas e auto-consistentes (offsets de symbol.txt + flips recalculados) -> {"rom_sha":"705b72eb848fadf1","struct":"0x1750a","tileset_stream":"0x5fa38","tilemap_stream":"0x5f9f0","ghost_stream":"0x5fa26","ocorrencias":4,"posicoes":["0,3","56,4","23,12","47,27"]}
[rex-context-e2e] passo 1: verificar a fixture e localizar o TileSet aPLib na lista
ERRO: o slot medido pela receita (170 B) não é o que a barra anunciou: "5fa38|0x5fa38 — aplib · 16 tiles (stream 169 B)"
exit=1
