== pinos ==
/home/misael/Projects/RetroDevStudio-CANONICAL-2026-09-21/src-tauri/src/tools/reverse/decomp/rex_codecs.rs: SUCESSO
/home/misael/Projects/RetroDevStudio-CANONICAL-2026-09-21/data/canonical-local-2026-09-21/corpus/references/hamoopig-reference.bin: SUCESSO
== driver (encoder/decoder do produto, cópia verbatim) ==
driver-sha256=bdb12f4dcaef52805f17d9b8412b3617782e0d621ea652f5d6e35eaebc9a06d2
casos gerados: 12
i20_lits_odd: plain=11 stream=16 dict=0 só literais
i21_short_mix: plain=16 stream=18 dict=0 curtos off 2/off 1
i22_long_far_nodict: plain=620 stream=656 dict=0 longo auto-referente
i23_long_zero_value: plain=44 stream=10 dict=0 longo value=0x0000 (off 1)
i24_dict_mixed: plain=34 stream=12 dict=1200 dict 600w misto
i14_encoder_deep_16384: on-disk long não-ROM len=3 off=16384 value=0x4001
i14_encoder_deep_16384: plain=6 stream=8 dict=32772 emitido pelo encoder; off 16384
i15_hardware_ceiling_16385: on-disk long não-ROM len=3 off=16385 value=0x4000
i16_beyond_ceiling_16386: on-disk long não-ROM len=3 off=16386 value=0x3FFF
i15_hardware_ceiling_16385: plain=6 stream=8 dict=32774 aceito pelo produto
i16_beyond_ceiling_16386: plain=6 stream=8 dict=32776 recusado pelo produto (invalid_reference)
i18-slot: stream 146 bytes vs slot original 144 bytes — NÃO cabe: needs_space honesto, nunca sobrescrever vizinhos
i09_corpus_orig_c8cc8: plain=288 stream=144 dict=4096 original do corpus; prefixo mínimo aceito 4096 bytes
i18_corpus_edit_c8cc8: plain=288 stream=146 dict=1024 edição canônica pelo encoder atual; prefixo 1024 bytes; slot original 144 bytes
i31-slot: stream 436 bytes vs slot original 444 bytes — cabe
i30_fixture_rescomp_orig: plain=512 stream=444 dict=256 stream do rescomp no fixture; 444 bytes; prefixo minimo 256
i31_fixture_product_edit: plain=512 stream=436 dict=256 edicao plantada (tile 0, linha 5, col 7 -> idx 15) pelo encoder do produto; 436 bytes; slot 444; prefixo minimo 256
fixture ativo: /home/misael/Projects/RetroDevStudio-CANONICAL-2026-09-21/src-tauri/target-test/validation/rex-lz4w-fixture/project/out/rom.bin

==== runI (i20_lits_odd,i21_short_mix,i22_long_far_nodict,i23_long_zero_value,i24_dict_mixed) ====
caso=i20_lits_odd dict=0 stream=16 plain=11 stride=0x200 off=0x0 dict_committed=False
caso=i21_short_mix dict=0 stream=18 plain=16 stride=0x200 off=0x200 dict_committed=False
caso=i22_long_far_nodict dict=0 stream=656 plain=620 stride=0x400 off=0x400 dict_committed=False
caso=i23_long_zero_value dict=0 stream=10 plain=44 stride=0x200 off=0x800 dict_committed=False
caso=i24_dict_mixed dict=1200 stream=12 plain=34 stride=0x700 off=0xa00 dict_committed=True
total=5 wam_bytes=0x1100
identidade-oficial: OK (5056 bytes, sha256=ff18bacb349174a4324df9e9386f2635a948b3c527aab5e91c994a0e162f7787)
rom_size=524288
rom=/tmp/rex-68k-int-2026-09-26-r5/runI/rom.bin sha256=8aa7cb1e7a2870811f40da593e66b8707e01dff4df9633ecd46d450948fbd8f2
REX-DUMP frames=1 sentinel=DEADBEEF -> /tmp/rex-68k-int-2026-09-26-r5/runI/capture.bin
capture: /tmp/rex-68k-int-2026-09-26-r5/runI/capture.bin (4608 bytes, sha256=8440e2c8daec0f2134718d55d8986ecd311e6300a39d5ac0059f938ea277503c)
OK       i20_lits_odd                 ret68k=   11 esperado=   11 68k_igu=S jar_igu=S(rc=0) prefix_ok=S sem_overwrite=S
OK       i21_short_mix                ret68k=   16 esperado=   16 68k_igu=S jar_igu=S(rc=0) prefix_ok=S sem_overwrite=S
OK       i22_long_far_nodict          ret68k=  620 esperado=  620 68k_igu=S jar_igu=S(rc=0) prefix_ok=S sem_overwrite=S
OK       i23_long_zero_value          ret68k=   44 esperado=   44 68k_igu=S jar_igu=S(rc=0) prefix_ok=S sem_overwrite=S
OK       i24_dict_mixed               ret68k=   34 esperado=   34 68k_igu=S jar_igu=S(rc=0) prefix_ok=S sem_overwrite=S
RESULTADO: TODOS OS CASOS IDÊNTICES (68k == jar == esperado-Rust)
rom-sha256=8aa7cb1e7a2870811f40da593e66b8707e01dff4df9633ecd46d450948fbd8f2
capture-sha256=8440e2c8daec0f2134718d55d8986ecd311e6300a39d5ac0059f938ea277503c

==== runC (i09_corpus_orig_c8cc8) ====
caso=i09_corpus_orig_c8cc8 dict=4096 stream=144 plain=288 stride=0x1300 off=0x0 dict_committed=True
total=1 wam_bytes=0x1300
identidade-oficial: OK (5056 bytes, sha256=ff18bacb349174a4324df9e9386f2635a948b3c527aab5e91c994a0e162f7787)
rom_size=524288
rom=/tmp/rex-68k-int-2026-09-26-r5/runC/rom.bin sha256=fc38f818784b3f3d66b83111fee3f855616f614ec6b96a235a630b6d56b9fbb2
REX-DUMP frames=1 sentinel=DEADBEEF -> /tmp/rex-68k-int-2026-09-26-r5/runC/capture.bin
capture: /tmp/rex-68k-int-2026-09-26-r5/runC/capture.bin (5120 bytes, sha256=6aa4a4ac1399b5dae4224e4c5e7b04655220797e45c8ec119b1ccbf48cf66ade)
OK       i09_corpus_orig_c8cc8        ret68k=  288 esperado=  288 68k_igu=S jar_igu=S(rc=0) prefix_ok=S sem_overwrite=S
RESULTADO: TODOS OS CASOS IDÊNTICES (68k == jar == esperado-Rust)
rom-sha256=fc38f818784b3f3d66b83111fee3f855616f614ec6b96a235a630b6d56b9fbb2
capture-sha256=6aa4a4ac1399b5dae4224e4c5e7b04655220797e45c8ec119b1ccbf48cf66ade

==== runE (i18_corpus_edit_c8cc8) ====
caso=i18_corpus_edit_c8cc8 dict=1024 stream=146 plain=288 stride=0x700 off=0x0 dict_committed=True
total=1 wam_bytes=0x700
identidade-oficial: OK (5056 bytes, sha256=ff18bacb349174a4324df9e9386f2635a948b3c527aab5e91c994a0e162f7787)
rom_size=524288
rom=/tmp/rex-68k-int-2026-09-26-r5/runE/rom.bin sha256=5142bec71474bff5ddc12ad9d524c0b1712597805d23013aec470b029b9bee47
REX-DUMP frames=1 sentinel=DEADBEEF -> /tmp/rex-68k-int-2026-09-26-r5/runE/capture.bin
capture: /tmp/rex-68k-int-2026-09-26-r5/runE/capture.bin (2048 bytes, sha256=727c9f87e427341c497f8073055f588ecf9d5089d70c395d9d2855d3ab296e40)
OK       i18_corpus_edit_c8cc8        ret68k=  288 esperado=  288 68k_igu=S jar_igu=S(rc=0) prefix_ok=S sem_overwrite=S
RESULTADO: TODOS OS CASOS IDÊNTICES (68k == jar == esperado-Rust)
rom-sha256=5142bec71474bff5ddc12ad9d524c0b1712597805d23013aec470b029b9bee47
capture-sha256=727c9f87e427341c497f8073055f588ecf9d5089d70c395d9d2855d3ab296e40

==== run14 (i14_encoder_deep_16384) ====
caso=i14_encoder_deep_16384 dict=32772 stream=8 plain=6 stride=0x8200 off=0x0 dict_committed=True
total=1 wam_bytes=0x8200
identidade-oficial: OK (5056 bytes, sha256=ff18bacb349174a4324df9e9386f2635a948b3c527aab5e91c994a0e162f7787)
rom_size=524288
rom=/tmp/rex-68k-int-2026-09-26-r5/run14/rom.bin sha256=0e705a6747cce67644bc6a8d29ebadf86ba25b37616b2eac8d549f6ee200ca54
REX-DUMP frames=6 sentinel=DEADBEEF -> /tmp/rex-68k-int-2026-09-26-r5/run14/capture.bin
capture: /tmp/rex-68k-int-2026-09-26-r5/run14/capture.bin (33536 bytes, sha256=be735717bebf4ba5c1d728460f160827a63f90a130e77c030c09516c942020b2)
OK       i14_encoder_deep_16384       ret68k=    6 esperado=    6 68k_igu=S jar_igu=S(rc=0) prefix_ok=S sem_overwrite=S
RESULTADO: TODOS OS CASOS IDÊNTICES (68k == jar == esperado-Rust)
rom-sha256=0e705a6747cce67644bc6a8d29ebadf86ba25b37616b2eac8d549f6ee200ca54
capture-sha256=be735717bebf4ba5c1d728460f160827a63f90a130e77c030c09516c942020b2

==== run15 (i15_hardware_ceiling_16385) ====
caso=i15_hardware_ceiling_16385 dict=32774 stream=8 plain=6 stride=0x8200 off=0x0 dict_committed=True
total=1 wam_bytes=0x8200
identidade-oficial: OK (5056 bytes, sha256=ff18bacb349174a4324df9e9386f2635a948b3c527aab5e91c994a0e162f7787)
rom_size=524288
rom=/tmp/rex-68k-int-2026-09-26-r5/run15/rom.bin sha256=b3c6aadeead6f44aa339ba803e1c5d723c769d0d626d231890f347f7f1ab601d
REX-DUMP frames=6 sentinel=DEADBEEF -> /tmp/rex-68k-int-2026-09-26-r5/run15/capture.bin
capture: /tmp/rex-68k-int-2026-09-26-r5/run15/capture.bin (33536 bytes, sha256=c2a491f47cb28160b8996867e72501049a055f92b90b1e3b6a51f4fdf76e89b8)
OK       i15_hardware_ceiling_16385   ret68k=    6 esperado=    6 68k_igu=S jar_igu=S(rc=0) prefix_ok=S sem_overwrite=S
RESULTADO: TODOS OS CASOS IDÊNTICES (68k == jar == esperado-Rust)
rom-sha256=b3c6aadeead6f44aa339ba803e1c5d723c769d0d626d231890f347f7f1ab601d
capture-sha256=c2a491f47cb28160b8996867e72501049a055f92b90b1e3b6a51f4fdf76e89b8

==== run16 (i16_beyond_ceiling_16386) ====
caso=i16_beyond_ceiling_16386 dict=32776 stream=8 plain=6 stride=0x8200 off=0x0 dict_committed=True
total=1 wam_bytes=0x8200
identidade-oficial: OK (5056 bytes, sha256=ff18bacb349174a4324df9e9386f2635a948b3c527aab5e91c994a0e162f7787)
rom_size=524288
rom=/tmp/rex-68k-int-2026-09-26-r5/run16/rom.bin sha256=7b2ac68f5d1875cd874cb5d406a38f38a3ab2a660c20a6af618daa6a906fd9ee
REX-DUMP frames=6 sentinel=DEADBEEF -> /tmp/rex-68k-int-2026-09-26-r5/run16/capture.bin
capture: /tmp/rex-68k-int-2026-09-26-r5/run16/capture.bin (33536 bytes, sha256=c030fb65b58b75d323aa0c85540fe6cde8a64b7ec4293a92234d7aeddc07e24c)
DIVERGE  i16_beyond_ceiling_16386     ret68k=    6 esperado=    6 68k_igu=N jar_igu=S(rc=0) prefix_ok=S sem_overwrite=S
         primeiro diff 68k @0: 68k=36 esperado=190 (len 68k=6 esperado=6)
RESULTADO: 1 caso(s) com divergência
rom-sha256=7b2ac68f5d1875cd874cb5d406a38f38a3ab2a660c20a6af618daa6a906fd9ee
capture-sha256=c030fb65b58b75d323aa0c85540fe6cde8a64b7ec4293a92234d7aeddc07e24c
run16: DIVERGÊNCIA DO 68k CONFIRMADA (recusa do produto é correta)

==== runF (i30_fixture_rescomp_orig,i31_fixture_product_edit) ====
caso=i30_fixture_rescomp_orig dict=256 stream=444 plain=512 stride=0x500 off=0x0 dict_committed=True
caso=i31_fixture_product_edit dict=256 stream=436 plain=512 stride=0x500 off=0x500 dict_committed=True
total=2 wam_bytes=0xa00
identidade-oficial: OK (5056 bytes, sha256=ff18bacb349174a4324df9e9386f2635a948b3c527aab5e91c994a0e162f7787)
rom_size=524288
rom=/tmp/rex-68k-int-2026-09-26-r5/runF/rom.bin sha256=794251c103f7ee9edbf8bbd6c9896f832de644c1b80dbd5f7860240194910751
REX-DUMP frames=1 sentinel=DEADBEEF -> /tmp/rex-68k-int-2026-09-26-r5/runF/capture.bin
capture: /tmp/rex-68k-int-2026-09-26-r5/runF/capture.bin (2816 bytes, sha256=7ea12ee62a2910a57f716379d0c2c33a79840ae1f4d7a019b18eb723cc0c09ed)
OK       i30_fixture_rescomp_orig     ret68k=  512 esperado=  512 68k_igu=S jar_igu=S(rc=0) prefix_ok=S sem_overwrite=S
OK       i31_fixture_product_edit     ret68k=  512 esperado=  512 68k_igu=S jar_igu=S(rc=0) prefix_ok=S sem_overwrite=S
RESULTADO: TODOS OS CASOS IDÊNTICES (68k == jar == esperado-Rust)
rom-sha256=794251c103f7ee9edbf8bbd6c9896f832de644c1b80dbd5f7860240194910751
capture-sha256=7ea12ee62a2910a57f716379d0c2c33a79840ae1f4d7a019b18eb723cc0c09ed

reproduce: FIM — workdir /tmp/rex-68k-int-2026-09-26-r5
