== pinos ==
/home/misael/Projects/RetroDevStudio-CANONICAL-2026-09-21/src-tauri/src/tools/reverse/decomp/rex_codecs.rs: SUCESSO
/home/misael/Projects/RetroDevStudio-CANONICAL-2026-09-21/data/canonical-local-2026-09-21/corpus/references/hamoopig-reference.bin: SUCESSO
== driver (encoder/decoder do produto, cópia verbatim) ==
driver-sha256=31b3220e9ecec588ee51c6c38b69ffd9088b1765c88bcef4427bcdcb500ad107
casos gerados: 14
i20_lits_odd: plain=11 stream=16 dict=0 só literais
i21_short_mix: plain=16 stream=18 dict=0 curtos off 2/off 1
i22_long_far_nodict: plain=620 stream=656 dict=0 longo auto-referente
i23_long_zero_value: plain=44 stream=10 dict=0 longo value=0x0000 (off 1)
i24_dict_mixed: plain=34 stream=12 dict=1200 dict 600w misto
i14_encoder_deep_16384: on-disk long não-ROM len=3 off=16384 value=0x4001
i14_encoder_deep_16384: plain=6 stream=8 dict=32772 emitido pelo encoder; off 16384
i15_hardware_ceiling_16385: on-disk long não-ROM len=3 off=16385 value=0x4000
i16_beyond_ceiling_16386: on-disk long não-ROM len=3 off=16386 value=0x3FFF
i15_hardware_ceiling_16385: plain=6 stream=8 dict=32774 aceito pelo produto
i16_beyond_ceiling_16386: plain=6 stream=8 dict=32776 recusado pelo produto (invalid_reference)
i18-slot: stream 144 bytes vs slot original 144 bytes — cabe
i40-slot: stream 144 bytes (estratégia CostDp) vs slot 144 bytes
i09_corpus_orig_c8cc8: plain=288 stream=144 dict=4096 original do corpus; prefixo mínimo aceito 4096 bytes
i18_corpus_edit_c8cc8: plain=288 stream=144 dict=512 edição canônica pelo encoder atual (DP-first); prefixo 512 bytes; slot original 144 bytes
i40_corpus_edit_fitting_c8cc8: plain=288 stream=144 dict=512 edição canônica pelo caminho de escrita do produto (fitting, CostDp); prefixo 512 bytes; slot original 144 bytes
i31-slot: stream 436 bytes vs slot original 444 bytes — cabe
i41-slot: stream 436 bytes (estrategia Greedy) vs slot 444 bytes
i30_fixture_rescomp_orig: plain=512 stream=444 dict=256 stream do rescomp no fixture; 444 bytes; prefixo minimo 256
i31_fixture_product_edit: plain=512 stream=436 dict=256 edicao plantada (tile 0, linha 5, col 7 -> idx 15) pelo encoder do produto (DP-first); 436 bytes; slot 444; prefixo minimo 256
i41_fixture_edit_fitting: plain=512 stream=436 dict=256 edicao plantada pelo caminho de escrita do produto (fitting, Greedy); 436 bytes; slot 444; prefixo minimo 256
fixture ativo: /home/misael/Projects/RetroDevStudio-CANONICAL-2026-09-21/src-tauri/target-test/validation/rex-lz4w-fixture/project/out/rom.bin

==== runI (i20_lits_odd,i21_short_mix,i22_long_far_nodict,i23_long_zero_value,i24_dict_mixed) ====
caso=i20_lits_odd dict=0 stream=16 plain=11 stride=0x200 off=0x0 dict_committed=False
caso=i21_short_mix dict=0 stream=18 plain=16 stride=0x200 off=0x200 dict_committed=False
caso=i22_long_far_nodict dict=0 stream=656 plain=620 stride=0x400 off=0x400 dict_committed=False
caso=i23_long_zero_value dict=0 stream=10 plain=44 stride=0x200 off=0x800 dict_committed=False
caso=i24_dict_mixed dict=1200 stream=12 plain=34 stride=0x700 off=0xa00 dict_committed=True
total=5 wam_bytes=0x1100
identidade-oficial: OK (5056 bytes, sha256=ff18bacb349174a4324df9e9386f2635a948b3c527aab5e91c994a0e162f7787)
rom_size=524288
rom=/tmp/rex-68k-int-2026-09-26-r15/runI/rom.bin sha256=612a8b32304f1626b7daa0cc19ddd50ebf1d02b6241c26f802ec1529447ba363
REX-DUMP frames=1 sentinel=DEADBEEF -> /tmp/rex-68k-int-2026-09-26-r15/runI/capture.bin
capture: /tmp/rex-68k-int-2026-09-26-r15/runI/capture.bin (4608 bytes, sha256=8440e2c8daec0f2134718d55d8986ecd311e6300a39d5ac0059f938ea277503c)
OK       i20_lits_odd                 ret68k=   11 esperado=   11 68k_igu=S jar_igu=S(rc=0) prefix_ok=S sem_overwrite=S
OK       i21_short_mix                ret68k=   16 esperado=   16 68k_igu=S jar_igu=S(rc=0) prefix_ok=S sem_overwrite=S
OK       i22_long_far_nodict          ret68k=  620 esperado=  620 68k_igu=S jar_igu=S(rc=0) prefix_ok=S sem_overwrite=S
OK       i23_long_zero_value          ret68k=   44 esperado=   44 68k_igu=S jar_igu=S(rc=0) prefix_ok=S sem_overwrite=S
OK       i24_dict_mixed               ret68k=   34 esperado=   34 68k_igu=S jar_igu=S(rc=0) prefix_ok=S sem_overwrite=S
RESULTADO: TODOS OS CASOS IDÊNTICES (68k == jar == esperado-Rust)
rom-sha256=612a8b32304f1626b7daa0cc19ddd50ebf1d02b6241c26f802ec1529447ba363
capture-sha256=8440e2c8daec0f2134718d55d8986ecd311e6300a39d5ac0059f938ea277503c

==== runC (i09_corpus_orig_c8cc8) ====
caso=i09_corpus_orig_c8cc8 dict=4096 stream=144 plain=288 stride=0x1300 off=0x0 dict_committed=True
total=1 wam_bytes=0x1300
identidade-oficial: OK (5056 bytes, sha256=ff18bacb349174a4324df9e9386f2635a948b3c527aab5e91c994a0e162f7787)
rom_size=524288
rom=/tmp/rex-68k-int-2026-09-26-r15/runC/rom.bin sha256=fc38f818784b3f3d66b83111fee3f855616f614ec6b96a235a630b6d56b9fbb2
REX-DUMP frames=1 sentinel=DEADBEEF -> /tmp/rex-68k-int-2026-09-26-r15/runC/capture.bin
capture: /tmp/rex-68k-int-2026-09-26-r15/runC/capture.bin (5120 bytes, sha256=6aa4a4ac1399b5dae4224e4c5e7b04655220797e45c8ec119b1ccbf48cf66ade)
OK       i09_corpus_orig_c8cc8        ret68k=  288 esperado=  288 68k_igu=S jar_igu=S(rc=0) prefix_ok=S sem_overwrite=S
RESULTADO: TODOS OS CASOS IDÊNTICES (68k == jar == esperado-Rust)
rom-sha256=fc38f818784b3f3d66b83111fee3f855616f614ec6b96a235a630b6d56b9fbb2
capture-sha256=6aa4a4ac1399b5dae4224e4c5e7b04655220797e45c8ec119b1ccbf48cf66ade

==== runE (i18_corpus_edit_c8cc8,i40_corpus_edit_fitting_c8cc8) ====
caso=i18_corpus_edit_c8cc8 dict=512 stream=144 plain=288 stride=0x500 off=0x0 dict_committed=True
caso=i40_corpus_edit_fitting_c8cc8 dict=512 stream=144 plain=288 stride=0x500 off=0x500 dict_committed=True
total=2 wam_bytes=0xa00
identidade-oficial: OK (5056 bytes, sha256=ff18bacb349174a4324df9e9386f2635a948b3c527aab5e91c994a0e162f7787)
rom_size=524288
rom=/tmp/rex-68k-int-2026-09-26-r15/runE/rom.bin sha256=51957d1583f9b2839084d9042f8fcdbebb1a2d860b1413c40028850ea0f5f3fe
REX-DUMP frames=1 sentinel=DEADBEEF -> /tmp/rex-68k-int-2026-09-26-r15/runE/capture.bin
capture: /tmp/rex-68k-int-2026-09-26-r15/runE/capture.bin (2816 bytes, sha256=aa69874a202c44a113c48aac95d3e7455735001c6d673208c013b1c9f077c8d4)
OK       i18_corpus_edit_c8cc8        ret68k=  288 esperado=  288 68k_igu=S jar_igu=S(rc=0) prefix_ok=S sem_overwrite=S
OK       i40_corpus_edit_fitting_c8cc8 ret68k=  288 esperado=  288 68k_igu=S jar_igu=S(rc=0) prefix_ok=S sem_overwrite=S
RESULTADO: TODOS OS CASOS IDÊNTICES (68k == jar == esperado-Rust)
rom-sha256=51957d1583f9b2839084d9042f8fcdbebb1a2d860b1413c40028850ea0f5f3fe
capture-sha256=aa69874a202c44a113c48aac95d3e7455735001c6d673208c013b1c9f077c8d4

==== run14 (i14_encoder_deep_16384) ====
caso=i14_encoder_deep_16384 dict=32772 stream=8 plain=6 stride=0x8200 off=0x0 dict_committed=True
total=1 wam_bytes=0x8200
identidade-oficial: OK (5056 bytes, sha256=ff18bacb349174a4324df9e9386f2635a948b3c527aab5e91c994a0e162f7787)
rom_size=524288
rom=/tmp/rex-68k-int-2026-09-26-r15/run14/rom.bin sha256=bac8a3e07129c5810cde633961939ea1c885fa85982da8054b0a06d2953798be
REX-DUMP frames=6 sentinel=DEADBEEF -> /tmp/rex-68k-int-2026-09-26-r15/run14/capture.bin
capture: /tmp/rex-68k-int-2026-09-26-r15/run14/capture.bin (33536 bytes, sha256=d666133b350caedbd2d5318b0d5f758956d3a95e0887dcf996e1918d554df423)
OK       i14_encoder_deep_16384       ret68k=    6 esperado=    6 68k_igu=S jar_igu=S(rc=0) prefix_ok=S sem_overwrite=S
RESULTADO: TODOS OS CASOS IDÊNTICES (68k == jar == esperado-Rust)
rom-sha256=bac8a3e07129c5810cde633961939ea1c885fa85982da8054b0a06d2953798be
capture-sha256=d666133b350caedbd2d5318b0d5f758956d3a95e0887dcf996e1918d554df423

==== run15 (i15_hardware_ceiling_16385) ====
caso=i15_hardware_ceiling_16385 dict=32774 stream=8 plain=6 stride=0x8200 off=0x0 dict_committed=True
total=1 wam_bytes=0x8200
identidade-oficial: OK (5056 bytes, sha256=ff18bacb349174a4324df9e9386f2635a948b3c527aab5e91c994a0e162f7787)
rom_size=524288
rom=/tmp/rex-68k-int-2026-09-26-r15/run15/rom.bin sha256=b3c6aadeead6f44aa339ba803e1c5d723c769d0d626d231890f347f7f1ab601d
REX-DUMP frames=6 sentinel=DEADBEEF -> /tmp/rex-68k-int-2026-09-26-r15/run15/capture.bin
capture: /tmp/rex-68k-int-2026-09-26-r15/run15/capture.bin (33536 bytes, sha256=c2a491f47cb28160b8996867e72501049a055f92b90b1e3b6a51f4fdf76e89b8)
OK       i15_hardware_ceiling_16385   ret68k=    6 esperado=    6 68k_igu=S jar_igu=S(rc=0) prefix_ok=S sem_overwrite=S
RESULTADO: TODOS OS CASOS IDÊNTICES (68k == jar == esperado-Rust)
rom-sha256=b3c6aadeead6f44aa339ba803e1c5d723c769d0d626d231890f347f7f1ab601d
capture-sha256=c2a491f47cb28160b8996867e72501049a055f92b90b1e3b6a51f4fdf76e89b8

==== run16 (i16_beyond_ceiling_16386) ====
caso=i16_beyond_ceiling_16386 dict=32776 stream=8 plain=6 stride=0x8200 off=0x0 dict_committed=True
total=1 wam_bytes=0x8200
identidade-oficial: OK (5056 bytes, sha256=ff18bacb349174a4324df9e9386f2635a948b3c527aab5e91c994a0e162f7787)
rom_size=524288
rom=/tmp/rex-68k-int-2026-09-26-r15/run16/rom.bin sha256=7b2ac68f5d1875cd874cb5d406a38f38a3ab2a660c20a6af618daa6a906fd9ee
REX-DUMP frames=6 sentinel=DEADBEEF -> /tmp/rex-68k-int-2026-09-26-r15/run16/capture.bin
capture: /tmp/rex-68k-int-2026-09-26-r15/run16/capture.bin (33536 bytes, sha256=c030fb65b58b75d323aa0c85540fe6cde8a64b7ec4293a92234d7aeddc07e24c)
DIVERGE  i16_beyond_ceiling_16386     ret68k=    6 esperado=    6 68k_igu=N jar_igu=S(rc=0) prefix_ok=S sem_overwrite=S
         primeiro diff 68k @0: 68k=36 esperado=190 (len 68k=6 esperado=6)
RESULTADO: 1 caso(s) com divergência
rom-sha256=7b2ac68f5d1875cd874cb5d406a38f38a3ab2a660c20a6af618daa6a906fd9ee
capture-sha256=c030fb65b58b75d323aa0c85540fe6cde8a64b7ec4293a92234d7aeddc07e24c
run16: DIVERGÊNCIA DO 68k CONFIRMADA (recusa do produto é correta)

==== runF (i30_fixture_rescomp_orig,i31_fixture_product_edit,i41_fixture_edit_fitting) ====
caso=i30_fixture_rescomp_orig dict=256 stream=444 plain=512 stride=0x500 off=0x0 dict_committed=True
caso=i31_fixture_product_edit dict=256 stream=436 plain=512 stride=0x500 off=0x500 dict_committed=True
caso=i41_fixture_edit_fitting dict=256 stream=436 plain=512 stride=0x500 off=0xa00 dict_committed=True
total=3 wam_bytes=0xf00
identidade-oficial: OK (5056 bytes, sha256=ff18bacb349174a4324df9e9386f2635a948b3c527aab5e91c994a0e162f7787)
rom_size=524288
rom=/tmp/rex-68k-int-2026-09-26-r15/runF/rom.bin sha256=cabd1656a60ff6f6aa19d6cc1eb9f004d4da402ede6433c63d992d0a515812f2
REX-DUMP frames=1 sentinel=DEADBEEF -> /tmp/rex-68k-int-2026-09-26-r15/runF/capture.bin
capture: /tmp/rex-68k-int-2026-09-26-r15/runF/capture.bin (4096 bytes, sha256=d8728360a6683504f13930e0bd64988b3cfbc5a833badb1bfc38b3159c737720)
OK       i30_fixture_rescomp_orig     ret68k=  512 esperado=  512 68k_igu=S jar_igu=S(rc=0) prefix_ok=S sem_overwrite=S
OK       i31_fixture_product_edit     ret68k=  512 esperado=  512 68k_igu=S jar_igu=S(rc=0) prefix_ok=S sem_overwrite=S
OK       i41_fixture_edit_fitting     ret68k=  512 esperado=  512 68k_igu=S jar_igu=S(rc=0) prefix_ok=S sem_overwrite=S
RESULTADO: TODOS OS CASOS IDÊNTICES (68k == jar == esperado-Rust)
rom-sha256=cabd1656a60ff6f6aa19d6cc1eb9f004d4da402ede6433c63d992d0a515812f2
capture-sha256=d8728360a6683504f13930e0bd64988b3cfbc5a833badb1bfc38b3159c737720

reproduce: FIM — workdir /tmp/rex-68k-int-2026-09-26-r15
