[RDS preflight host]
  SGDK real: OK (/home/misael/.cache/retrodevstudio/dd99a22faa05edc480ce06da3fe3651e7a79578a629959dcdbd8cd50ac011377/toolchains/sgdk via SGDK_ROOT)
  tauri-driver: OK (/home/misael/.cargo/bin/tauri-driver)
  WebDriver nativo: OK (/usr/sbin/WebKitWebDriver)
  Ready: SIM
== Building debug Tauri app ==

> retrodev-studio@0.1.0 build:debug
> node scripts/build.mjs debug

RetroDev Studio - Script Unificado de Compilacao
Modo: debug
Target dir canonico: /home/misael/Projects/RetroDevStudio-CANONICAL-2026-09-21/src-tauri/target-test
Target dir dev bruto: /home/misael/.cache/retrodevstudio/dd99a22faa05edc480ce06da3fe3651e7a79578a629959dcdbd8cd50ac011377/cargo-target
Target dir validation: /home/misael/Projects/RetroDevStudio-CANONICAL-2026-09-21/src-tauri/target-test/validation

[Prep] Mantendo artefatos anteriores e validando atualizacao por timestamp.


[Build] Compilando Tauri (modo: debug)...

[Build] Cargo target efetivo: /home/misael/.cache/retrodevstudio/dd99a22faa05edc480ce06da3fe3651e7a79578a629959dcdbd8cd50ac011377/cargo-target

> retrodev-studio@0.1.0 tauri
> tauri build --debug --no-bundle

        Info Looking up installed tauri packages to check mismatched versions...
     Running beforeBuildCommand `npm run build`

> retrodev-studio@0.1.0 build
> tsc -b && vite build

vite v6.4.3 building for production...
transforming...
✓ 135 modules transformed.
rendering chunks...
computing gzip size...
dist/index.html                                0.40 kB │ gzip:   0.27 kB
dist/assets/index-DXQ6IbtP.css               130.01 kB │ gzip:  18.42 kB
dist/assets/projectCapability-Bg1a-pW9.js      0.99 kB │ gzip:   0.47 kB │ map:    12.17 kB
dist/assets/ppmImage-CeLShLBU.js               5.66 kB │ gzip:   1.58 kB │ map:    10.99 kB
dist/assets/AssetPreview-lpMbIgOy.js           6.65 kB │ gzip:   1.72 kB │ map:    11.60 kB
dist/assets/nodeDefinitions-R068wyPQ.js       22.41 kB │ gzip:   4.24 kB │ map:    48.14 kB
dist/assets/ContextualPalette-CnRVGyBb.js     26.40 kB │ gzip:   6.44 kB │ map:    42.67 kB
dist/assets/ExplorerWorkspace-DMDu2C4u.js     31.49 kB │ gzip:   5.97 kB │ map:    46.65 kB
dist/assets/RetroFXDesigner-BEJz_ZCH.js       49.47 kB │ gzip:   9.07 kB │ map:    68.56 kB
dist/assets/behaviorLibrary-D9JjhfHh.js       66.16 kB │ gzip:  15.97 kB │ map:   133.26 kB
dist/assets/InspectorPanel-DUOHi7eA.js       118.89 kB │ gzip:  21.67 kB │ map:   174.74 kB
dist/assets/ArtStudioPanel-DDy7QYB0.js       182.33 kB │ gzip:  33.86 kB │ map:   271.52 kB
dist/assets/ToolsPanel-DlkH7aO2.js           194.92 kB │ gzip:  34.14 kB │ map:   274.03 kB
dist/assets/ViewportPanel-vQjgSLSc.js        226.33 kB │ gzip:  42.29 kB │ map:   343.81 kB
dist/assets/ReverseWorkspace-GCh9bWs7.js     226.87 kB │ gzip:  41.63 kB │ map:   337.21 kB
dist/assets/NodeGraphEditor-BGLNvp2F.js      314.09 kB │ gzip:  67.37 kB │ map:   485.85 kB
dist/assets/index-BLaxFZ0J.js              1,098.69 kB │ gzip: 211.28 kB │ map: 1,820.48 kB
✓ built in 8.19s
   Compiling retro-dev-studio v0.1.0 (/home/misael/Projects/RetroDevStudio-CANONICAL-2026-09-21/src-tauri)
    Finished `dev` profile [unoptimized + debuginfo] target(s) in 25.10s
       Built application at: /home/misael/.cache/retrodevstudio/dd99a22faa05edc480ce06da3fe3651e7a79578a629959dcdbd8cd50ac011377/cargo-target/debug/retro-dev-studio

============================================================
  Artefatos gerados:
============================================================
  EXE Debug: /home/misael/Projects/RetroDevStudio-CANONICAL-2026-09-21/src-tauri/target-test/debug/retro-dev-studio [OK]
  Dev work target: /home/misael/.cache/retrodevstudio/dd99a22faa05edc480ce06da3fe3651e7a79578a629959dcdbd8cd50ac011377/cargo-target
  Validation dir: /home/misael/Projects/RetroDevStudio-CANONICAL-2026-09-21/src-tauri/target-test/validation
  Build report: /home/misael/Projects/RetroDevStudio-CANONICAL-2026-09-21/src-tauri/target-test/validation/build-report.json
============================================================

[Hint] Use --open-dir para abrir a pasta do binario ao final do build.
== Starting tauri-driver ==
Error serving connection: hyper::Error(User(Service), client error (Connect)

Caused by:
    0: tcp connect error
    1: Connection refused (os error 111))
OK: Desktop Tauri mugen-import E2E passou. Relatorio: /home/misael/Projects/RetroDevStudio-CANONICAL-2026-09-21/src-tauri/target-test/validation/mugen-import-2026-09-29T02-37-14-769Z-report.json
