alvo_sha=1abad5da356781d38340344e76c47f03a08296c8 segmento_inicio=2026-09-28T03:58:34Z
consulta_1 2026-09-28T03:58:34Z
  linux-validate   in_progress  -          https://github.com/Misael-art/RetroDevStudio/actions/runs/36375754209/job/108781125449
  validate         in_progress  -          https://github.com/Misael-art/RetroDevStudio/actions/runs/36375754209/job/108781125205
  em_andamento=[linux-validate,validate]
consulta_2 2026-09-28T04:00:00Z
  linux-validate   in_progress  -          https://github.com/Misael-art/RetroDevStudio/actions/runs/36375754209/job/108781125449
  validate         in_progress  -          https://github.com/Misael-art/RetroDevStudio/actions/runs/36375754209/job/108781125205
  em_andamento=[linux-validate,validate]
consulta_3 2026-09-28T04:01:25Z
  linux-validate   in_progress  -          https://github.com/Misael-art/RetroDevStudio/actions/runs/36375754209/job/108781125449
  validate         in_progress  -          https://github.com/Misael-art/RetroDevStudio/actions/runs/36375754209/job/108781125205
  em_andamento=[linux-validate,validate]
consulta_4 2026-09-28T04:02:51Z
  linux-validate   in_progress  -          https://github.com/Misael-art/RetroDevStudio/actions/runs/36375754209/job/108781125449
  validate         in_progress  -          https://github.com/Misael-art/RetroDevStudio/actions/runs/36375754209/job/108781125205
  em_andamento=[linux-validate,validate]
consulta_5 2026-09-28T04:04:16Z
  linux-validate   in_progress  -          https://github.com/Misael-art/RetroDevStudio/actions/runs/36375754209/job/108781125449
  validate         in_progress  -          https://github.com/Misael-art/RetroDevStudio/actions/runs/36375754209/job/108781125205
  em_andamento=[linux-validate,validate]
consulta_6 2026-09-28T04:05:42Z
  linux-validate   in_progress  -          https://github.com/Misael-art/RetroDevStudio/actions/runs/36375754209/job/108781125449
  validate         in_progress  -          https://github.com/Misael-art/RetroDevStudio/actions/runs/36375754209/job/108781125205
  em_andamento=[linux-validate,validate]
consulta_7 2026-09-28T04:07:08Z
  linux-validate   in_progress  -          https://github.com/Misael-art/RetroDevStudio/actions/runs/36375754209/job/108781125449
  validate         in_progress  -          https://github.com/Misael-art/RetroDevStudio/actions/runs/36375754209/job/108781125205
  em_andamento=[linux-validate,validate]
consulta_8 2026-09-28T04:08:33Z
  linux-validate   completed    success    https://github.com/Misael-art/RetroDevStudio/actions/runs/36375754209/job/108781125449
  validate         in_progress  -          https://github.com/Misael-art/RetroDevStudio/actions/runs/36375754209/job/108781125205
  em_andamento=[validate]
SEGMENTO_ESGOTADO 2026-09-28T04:09:58Z
SEGMENTO_2_INICIO 2026-09-28T04:10:25Z
consulta_s2_1 2026-09-28T04:10:25Z
  linux-validate   completed    success    https://github.com/Misael-art/RetroDevStudio/actions/runs/36375754209/job/108781125449
  validate         in_progress  -          https://github.com/Misael-art/RetroDevStudio/actions/runs/36375754209/job/108781125205
  em_andamento=[validate]
consulta_s2_2 2026-09-28T04:11:51Z
  linux-validate   completed    success    https://github.com/Misael-art/RetroDevStudio/actions/runs/36375754209/job/108781125449
  validate         in_progress  -          https://github.com/Misael-art/RetroDevStudio/actions/runs/36375754209/job/108781125205
  em_andamento=[validate]
consulta_s2_3 2026-09-28T04:13:16Z
  linux-validate   completed    success    https://github.com/Misael-art/RetroDevStudio/actions/runs/36375754209/job/108781125449
  validate         in_progress  -          https://github.com/Misael-art/RetroDevStudio/actions/runs/36375754209/job/108781125205
  em_andamento=[validate]
consulta_s2_4 2026-09-28T04:14:42Z
  linux-validate   completed    success    https://github.com/Misael-art/RetroDevStudio/actions/runs/36375754209/job/108781125449
  validate         in_progress  -          https://github.com/Misael-art/RetroDevStudio/actions/runs/36375754209/job/108781125205
  em_andamento=[validate]
consulta_s2_5 2026-09-28T04:16:07Z
  linux-validate   completed    success    https://github.com/Misael-art/RetroDevStudio/actions/runs/36375754209/job/108781125449
  validate         in_progress  -          https://github.com/Misael-art/RetroDevStudio/actions/runs/36375754209/job/108781125205
  em_andamento=[validate]
SEGMENTO_2_ESGOTADO 2026-09-28T04:17:32Z
SEGMENTO_3_INICIO 2026-09-28T04:17:45Z
consulta_s2_1 2026-09-28T04:17:45Z
  linux-validate   completed    success    https://github.com/Misael-art/RetroDevStudio/actions/runs/36375754209/job/108781125449
  validate         in_progress  -          https://github.com/Misael-art/RetroDevStudio/actions/runs/36375754209/job/108781125205
  em_andamento=[validate]
consulta_s2_2 2026-09-28T04:19:11Z
  linux-validate   completed    success    https://github.com/Misael-art/RetroDevStudio/actions/runs/36375754209/job/108781125449
  validate         in_progress  -          https://github.com/Misael-art/RetroDevStudio/actions/runs/36375754209/job/108781125205
  em_andamento=[validate]
consulta_s2_3 2026-09-28T04:20:36Z
  linux-validate   completed    success    https://github.com/Misael-art/RetroDevStudio/actions/runs/36375754209/job/108781125449
  validate         in_progress  -          https://github.com/Misael-art/RetroDevStudio/actions/runs/36375754209/job/108781125205
  em_andamento=[validate]
consulta_s2_4 2026-09-28T04:22:02Z
  linux-validate   completed    success    https://github.com/Misael-art/RetroDevStudio/actions/runs/36375754209/job/108781125449
  validate         completed    success    https://github.com/Misael-art/RetroDevStudio/actions/runs/36375754209/job/108781125205
  em_andamento=[]
ROLLUP_TERMINAL 2026-09-28T04:22:02Z
# ROTULAGEM: consulta_1..8 = segmento 1; linhas apos SEGMENTO_2_INICIO = segmento 2;
# linhas apos SEGMENTO_3_INICIO = segmento 3 (o rotulo consulta_s2_ foi herdado da copia do script
# e nao foi renomeado; os marcadores SEGMENTO_k_INICIO/ESGOTADO separam as pernas).
# Veredito lido no ROLLUP_TERMINAL: linux-validate completed success e validate (windows-latest)
# completed success no SHA 1abad5d. Extrato passo a passo e contagens em ci-windows-1abad5d-extract.log.
