   Compiling retro-dev-studio v0.1.0 (/home/misael/Projects/REX-MUGEN-SGDK-2026-09-28/src-tauri)
    Finished `test` profile [unoptimized + debuginfo] target(s) in 21.42s
     Running unittests src/lib.rs (target/debug/deps/app_lib-87d5738285bb7ab2)

running 13 tests
test core::mugen_profile::tests::mugen_probe_real_build_run_edit_and_effect ... idle A: [("idle1", 6), ("idle0", 5), ("idle1", 9), ("idle0", 5), ("idle1", 9), ("idle0", 5), ("idle1", 3)]
A: inicio 1 [("punch0", 3), ("punch1", 6), ("punch0_hflip", 4), ("idle0", 7), ("idle1", 9), ("idle0", 5), ("idle1", 9), ("idle0", 5), ("idle1", 1)]
B: inicio 1 [("punch0", 3), ("punch1", 12), ("punch0_hflip", 4), ("idle0", 7), ("idle1", 9), ("idle0", 5), ("idle1", 9)]
clsn1 A [0, 0, 0, 1, 1, 1, 1, 1, 1, 0, 0, 0, 0, 0, 0, 0, 0, 0, 0, 0, 0, 0, 0, 0, 0, 0, 0, 0, 0, 0, 0, 0, 0, 0, 0, 0, 0, 0, 0, 0, 0, 0, 0, 0, 0, 0, 0, 0, 0, 0]
clsn1 B [0, 0, 0, 1, 1, 1, 1, 1, 1, 1, 1, 1, 1, 1, 1, 0, 0, 0, 0, 0, 0, 0, 0, 0, 0, 0, 0, 0, 0, 0, 0, 0, 0, 0, 0, 0, 0, 0, 0, 0, 0, 0, 0, 0, 0, 0, 0, 0, 0, 0]
relatorio: /home/misael/Projects/REX-MUGEN-SGDK-2026-09-28/src-tauri/target-test/validation/rex-mugen/run-1790622051135824710/report.json
ok
test core::mugen_profile::tests::probe_emits_runtime_tables_from_the_model ... ok
test core::mugen_profile::tests::probe_import_produces_the_designed_model ... ok
test core::project_mgr::tests::import_mugen_character_converts_cmd_air_cns_st_to_fighting_nodes ... ok
test core::project_mgr::tests::import_mugen_project_builds_native_scenes_from_character_stage_and_screenpack_roots ... ok
test core::project_mgr::tests::import_mugen_project_supports_repo_sample_roots_when_present ... [mugen-sample-skip] /home/misael/Projects/REX-MUGEN-SGDK-2026-09-28/data/character air
[mugen-sample-skip] /home/misael/Projects/REX-MUGEN-SGDK-2026-09-28/data/background air
[mugen-sample-skip] /home/misael/Projects/REX-MUGEN-SGDK-2026-09-28/data/screenpack air
[mugen-sample-skip] F:\Projects\Engine Template\Games Engines\Ikemen-GO\Screenpacks
[mugen-sample-skip] F:\Projects\Engine Template\Games Engines\Ikemen-GO\Modules\Engine-Modules\repo\external\mods\ratio\ikemen1
ok
test core::project_mgr::tests::import_mugen_reimport_keeps_commands_and_graph_idempotent ... ok
test core::project_mgr::tests::import_mugen_stage_background_materializes_tilemap_and_parallax_metadata ... ok
test core::project_mgr::tests::mugen_handles_empty_project_dir ... ok
test core::project_mgr::tests::mugen_handles_missing_root_artifact ... ok
test core::project_mgr::tests::smoke_import_ikemen_go_reuses_mugen_adapter_without_losing_assets ... ok
test core::project_mgr::tests::smoke_import_mugen_project_is_idempotent ... ok
test tests::import_mugen_project_command_creates_native_project_with_metadata_and_scene ... ok

test result: ok. 13 passed; 0 failed; 0 ignored; 0 measured; 826 filtered out; finished in 2.73s

