== gates frontend — HEAD 94bfa81, 2026-09-27T04:14:02-03:00 ==
$ npm run check:tree
npm notice run retrodev-studio@0.1.0 check:tree
npm notice run node scripts/check-tree.cjs
OK: Estrutura da raiz conforme docs/08_TREE_ARCHITECTURE.md.
rc=0

$ npm run lint
npm notice run retrodev-studio@0.1.0 lint
npm notice run eslint src vite.config.ts --max-warnings=0
rc=0

$ npx tsc --noEmit
npm notice run retrodev-studio@0.1.0 npx
npm notice run 'tsc' --noEmit
rc=0

$ npm test
(Use `node --trace-warnings ...` to show where the warning was created)
 [2m[90m↓[39m[22m src/core/validateUpstreamWindows.test.ts [2m([22m[2m2 tests[22m[2m | [22m[33m2 skipped[39m[2m)[22m

[2m Test Files [22m [1m[32m75 passed[39m[22m[2m | [22m[33m1 skipped[39m[90m (76)[39m
[2m      Tests [22m [1m[32m702 passed[39m[22m[2m | [22m[33m6 skipped[39m[90m (708)[39m
[2m   Start at [22m 04:14:23
[2m   Duration [22m 92.85s[2m (transform 2.94s, setup 469ms, import 6.28s, tests 33.11s, environment 40.98s)[22m

rc=0
